// Jest Snapshot v1, https://goo.gl/fbAQLP

exports[`renders correctly 1`] = `
<View
  style={
    Array [
      Object {
        "backgroundColor": "#fff",
      },
      Object {
        "flex": 1,
        "flexDirection": "row",
      },
    ]
  }
>
  <View
    style={
      Object {
        "alignItems": "center",
        "borderWidth": 1,
        "flex": 1,
        "padding": 5,
      }
    }
  >
    <Text
      accessible={true}
      allowFontScaling={true}
      ellipsizeMode="tail"
    >
      Bonds
    </Text>
  </View>
  <View
    style={
      Object {
        "alignItems": "center",
        "borderWidth": 1,
        "flex": 1,
        "padding": 5,
      }
    }
  >
    <Text
      accessible={true}
      allowFontScaling={true}
      ellipsizeMode="tail"
    >
      Insurance
    </Text>
  </View>
  <View
    style={
      Object {
        "alignItems": "center",
        "borderWidth": 1,
        "flex": 1,
        "padding": 5,
      }
    }
  >
    <Text
      accessible={true}
      allowFontScaling={true}
      ellipsizeMode="tail"
    >
      Retirement
    </Text>
  </View>
  <View
    style={
      Object {
        "alignItems": "center",
        "borderWidth": 1,
        "flex": 1,
        "padding": 5,
      }
    }
  >
    <Text
      accessible={true}
      allowFontScaling={true}
      ellipsizeMode="tail"
    >
      Commodity
    </Text>
  </View>
  <View
    style={
      Object {
        "alignItems": "center",
        "borderWidth": 1,
        "flex": 1,
        "padding": 5,
      }
    }
  >
    <Text
      accessible={true}
      allowFontScaling={true}
      ellipsizeMode="tail"
    >
      Annuities
    </Text>
  </View>
</View>
`;
